A7C846B4EEAF6AB78AB33FFC77197BB0364C364E5A4259593464162B14C494F1
EDC0776CA17E4FC395823653D1956D6873A55A1829D85D8B46340F3C9DD113F2
B551F4EDF860BEB49E89BFF9B60BFD955ED85B070E18667189450962C503CBE5
069A4F41D88CC12927672F1039C50DD50A0713E0AD542A6CDCD1E75CC4E7FB36
E4EBA939FB027DACF1E7406461703C57B48D8BC0A1039A170FAD5E35C088B789
68199B6755105BC22C343BD339EA2035E7A3F9535DC83DE3436C794EABA18B34
49AD3C22E015666A269F37CA47EEF075860CC21588F3CF8D7EB5A9DC4D59C0F4
9EFCB204F1B588A918B6A81D1E0E25C78C0921CF4839BE38D698EE8E30097BED
66B252E879C2548A3FC3FEAF6B7ABCDBAFB1A45F5FB68EB49AB12CC13B1A091B
